<html>
<body>
<pre>
<h1>µVision Build Log</h1>
<h2>Tool Versions:</h2>
IDE-Version: µVision V5.29.0.0
Copyright (C) 2019 ARM Ltd and ARM Germany GmbH. All rights reserved.
License Information: mariano gonzalez, universidad politécnica de madrid, LIC=----
 
Tool Versions:
Toolchain:       MDK-Lite  Version: 5.29.0.0
Toolchain Path:  C:\Keil_v5\ARM\ARMCC\Bin
C Compiler:      Armcc.exe V5.06 update 6 (build 750)
Assembler:       Armasm.exe V5.06 update 6 (build 750)
Linker/Locator:  ArmLink.exe V5.06 update 6 (build 750)
Library Manager: ArmAr.exe V5.06 update 6 (build 750)
Hex Converter:   FromElf.exe V5.06 update 6 (build 750)
CPU DLL:         SARMCM3.DLL V5.29.0.0
Dialog DLL:      DCM.DLL V1.17.3.0
Target DLL:      STLink\ST-LINKIII-KEIL_SWO.dll V3.0.7.0
Dialog DLL:      TCM.DLL V1.36.5.0
 
<h2>Project:</h2>
C:\Users\Usuario\Desktop\SEDMICROS\MDK-ARM\Mi_trabajo.uvprojx
Project File Date:  05/26/2020

<h2>Output:</h2>
*** Using Compiler 'V5.06 update 6 (build 750)', folder: 'C:\Keil_v5\ARM\ARMCC\Bin'
Build target 'Mi_trabajo'
compiling main.c...
../Src/main.c(120): warning:  #188-D: enumerated type mixed with another type
  			HAL_GPIO_WritePin(GPIOD, Red_Up_Pin, 0);
../Src/main.c(121): warning:  #188-D: enumerated type mixed with another type
  			HAL_GPIO_WritePin(GPIOD, Green_Pin, 0);
../Src/main.c(122): warning:  #188-D: enumerated type mixed with another type
  			HAL_GPIO_WritePin(GPIOD, Red_Down_Pin, 1);
../Src/main.c(127): warning:  #188-D: enumerated type mixed with another type
  			HAL_GPIO_WritePin(GPIOD, Red_Up_Pin, 0);
../Src/main.c(128): warning:  #188-D: enumerated type mixed with another type
  			HAL_GPIO_WritePin(GPIOD, Green_Pin, 1);
../Src/main.c(129): warning:  #188-D: enumerated type mixed with another type
  			HAL_GPIO_WritePin(GPIOD, Red_Down_Pin, 0);
../Src/main.c(134): warning:  #188-D: enumerated type mixed with another type
  			HAL_GPIO_WritePin(GPIOD, Red_Up_Pin, 1);
../Src/main.c(135): warning:  #188-D: enumerated type mixed with another type
  			HAL_GPIO_WritePin(GPIOD, Green_Pin, 0);
../Src/main.c(136): warning:  #188-D: enumerated type mixed with another type
  			HAL_GPIO_WritePin(GPIOD, Red_Down_Pin, 0);
../Src/main.c(142): warning:  #188-D: enumerated type mixed with another type
  			HAL_GPIO_WritePin(GPIOD, Yellow_Pin, 1);
../Src/main.c(147): warning:  #188-D: enumerated type mixed with another type
  			HAL_GPIO_WritePin(GPIOD, Yellow_Pin, 0);
../Src/main.c: 11 warnings, 0 errors
linking...
Program Size: Code=4412 RO-data=440 RW-data=28 ZI-data=1100  
FromELF: creating hex file...
"Mi_trabajo\Mi_trabajo.axf" - 0 Error(s), 11 Warning(s).

<h2>Software Packages used:</h2>

Package Vendor: ARM
                http://www.keil.com/pack/ARM.CMSIS.5.6.0.pack
                ARM.CMSIS.5.6.0
                CMSIS (Cortex Microcontroller Software Interface Standard)
   * Component: CORE Version: 5.3.0

Package Vendor: Keil
                http://www.keil.com/pack/Keil.STM32F4xx_DFP.2.14.0.pack
                Keil.STM32F4xx_DFP.2.14.0
                STMicroelectronics STM32F4 Series Device Support, Drivers and Examples

<h2>Collection of Component include folders:</h2>
  .\RTE\_Mi_trabajo
  C:\Users\Usuario\AppData\Local\Arm\Packs\ARM\CMSIS\5.6.0\CMSIS\Core\Include
  C:\Users\Usuario\AppData\Local\Arm\Packs\Keil\STM32F4xx_DFP\2.14.0\Drivers\CMSIS\Device\ST\STM32F4xx\Include

<h2>Collection of Component Files used:</h2>

   * Component: ARM::CMSIS:CORE:5.3.0
Build Time Elapsed:  00:00:03
</pre>
</body>
</html>
